ssh  user@example.com 'bash -se' << \EOF-SPATIE-SSH
whoami
EOF-SPATIE-SSH